******************************************************************************
                  TMS470 Linker PC v4.9.5                      
******************************************************************************
>> Linked Tue May 14 23:18:22 2013

OUTPUT FILE NAME:   <sample file.out>
ENTRY POINT SYMBOL: "_c_int00"  address: 000001dd


MEMORY CONFIGURATION

         name            origin    length      used     unused   attr    fill
----------------------  --------  ---------  --------  --------  ----  --------
  FLASH                 00000000   00040000  000002cc  0003fd34  R  X
  SRAM                  20000000   00008000  00000114  00007eec  RW X


SEGMENT ALLOCATION MAP

run origin  load origin   length   init length attrs members
----------  ----------- ---------- ----------- ----- -------
00000000    00000000    000002d0   000002d0    r-x
  00000000    00000000    000002ac   000002ac    r-x .text
  000002b0    000002b0    00000020   00000020    r-- .cinit
20000000    20000000    00000100   00000000    rw-
  20000000    20000000    00000100   00000000    rw- .stack
20000100    20000100    00000014   00000014    rw-
  20000100    20000100    00000014   00000014    rw- .data


SECTION ALLOCATION MAP

 output                                  attributes/
section   page    origin      length       input sections
--------  ----  ----------  ----------   ----------------
.text      0    00000000    000002ac     
                  00000000    0000009c     rtsv7M4_T_le_v4SPD16_eabi.lib : memcpy_t2.obj (.text)
                  0000009c    00000094                                   : auto_init.obj (.text)
                  00000130    0000005e                                   : copy_decompress_rle.obj (.text)
                  0000018e    00000002     main.obj (.text)
                  00000190    0000004c     rtsv7M4_T_le_v4SPD16_eabi.lib : cpy_tbl.obj (.text)
                  000001dc    00000048                                   : boot.obj (.text)
                  00000224    00000044                                   : exit.obj (.text)
                  00000268    00000018                                   : _lock.obj (.text)
                  00000280    00000018                                   : args_main.obj (.text)
                  00000298    0000000e                                   : copy_decompress_none.obj (.text:decompress:none)
                  000002a6    00000006                                   : copy_decompress_rle.obj (.text:decompress:rle24)

.cinit     0    000002b0    00000020     
                  000002b0    0000000f     (.cinit..data.load) [load image, compression = rle]
                  000002bf    00000001     --HOLE-- [fill = 0]
                  000002c0    00000008     (__TI_handler_table)
                  000002c8    00000008     (__TI_cinit_table)

.stack     0    20000000    00000100     UNINITIALIZED
                  20000000    00000100     --HOLE--

.data      0    20000100    00000014     
                  20000100    00000008     rtsv7M4_T_le_v4SPD16_eabi.lib : _lock.obj (.data)
                  20000108    00000008                                   : exit.obj (.data)
                  20000110    00000004                                   : stkdepth_vars.obj (.data)


LINKER GENERATED COPY TABLES

__TI_cinit_table @ 000002c8 records: 1, size/record: 8, table size: 8
	.data: load addr=000002b0, load size=0000000f bytes, run addr=20000100, run size=00000014 bytes, compression=rle


LINKER GENERATED HANDLER TABLE

__TI_handler_table @ 000002c0 records: 2, size/record: 4, table size: 8
	index: 0, handler: __TI_decompress_rle24
	index: 1, handler: __TI_decompress_none


GLOBAL SYMBOLS: SORTED ALPHABETICALLY BY Name 

address    name
--------   ----
00000225   C$$EXIT
UNDEFED    SHT$$INIT_ARRAY$$Base
UNDEFED    SHT$$INIT_ARRAY$$Limit
20000100   __STACK_END
00000100   __STACK_SIZE
20000100   __STACK_TOP
000002c8   __TI_CINIT_Base
000002d0   __TI_CINIT_Limit
000002c0   __TI_Handler_Table_Base
000002c8   __TI_Handler_Table_Limit
00000001   __TI_args_main
0000009d   __TI_auto_init
00000299   __TI_decompress_none
000002a7   __TI_decompress_rle24
00000000   __TI_static_base__
00000001   __aeabi_memcpy
00000001   __aeabi_memcpy4
00000001   __aeabi_memcpy8
ffffffff   __binit__
ffffffff   __c_args__
20000000   __stack
00000281   _args_main
000001dd   _c_int00
20000108   _cleanup_ptr
2000010c   _dtors_ptr
20000100   _lock
00000275   _nop
0000026f   _register_lock
00000269   _register_unlock
20000104   _unlock
00000229   abort
ffffffff   binit
00000191   copy_in
00000231   exit
0000018f   main
20000110   main_func_sp
00000001   memcpy


GLOBAL SYMBOLS: SORTED BY Symbol Address 

address    name
--------   ----
00000000   __TI_static_base__
00000001   __TI_args_main
00000001   __aeabi_memcpy
00000001   __aeabi_memcpy4
00000001   __aeabi_memcpy8
00000001   memcpy
0000009d   __TI_auto_init
00000100   __STACK_SIZE
0000018f   main
00000191   copy_in
000001dd   _c_int00
00000225   C$$EXIT
00000229   abort
00000231   exit
00000269   _register_unlock
0000026f   _register_lock
00000275   _nop
00000281   _args_main
00000299   __TI_decompress_none
000002a7   __TI_decompress_rle24
000002c0   __TI_Handler_Table_Base
000002c8   __TI_CINIT_Base
000002c8   __TI_Handler_Table_Limit
000002d0   __TI_CINIT_Limit
20000000   __stack
20000100   __STACK_END
20000100   __STACK_TOP
20000100   _lock
20000104   _unlock
20000108   _cleanup_ptr
2000010c   _dtors_ptr
20000110   main_func_sp
ffffffff   __binit__
ffffffff   __c_args__
ffffffff   binit
UNDEFED    SHT$$INIT_ARRAY$$Base
UNDEFED    SHT$$INIT_ARRAY$$Limit

[37 symbols]
